

================================================================
== Vivado HLS Report for 'xillybus_wrapper'
================================================================
* Date:           Wed May 18 14:15:13 2016

* Version:        2014.4 (Build 1071461 on Tue Nov 18 16:42:57 PM 2014)
* Project:        coprocess
* Solution:       example
* Product family: zynq
* Target device:  xc7z020clg400-1


================================================================
== Performance Estimates
================================================================
+ Timing (ns): 
    * Summary: 
    +---------+-------+----------+------------+
    |  Clock  | Target| Estimated| Uncertainty|
    +---------+-------+----------+------------+
    |default  |  10.00|      6.38|        1.25|
    +---------+-------+----------+------------+

+ Latency (clock cycles): 
    * Summary: 
    +-----+-----+-----+-----+---------+
    |  Latency  |  Interval | Pipeline|
    | min | max | min | max |   Type  |
    +-----+-----+-----+-----+---------+
    |    2|    2|    3|    3|   none  |
    +-----+-----+-----+-----+---------+

    + Detail: 
        * Instance: 
        N/A

        * Loop: 
        N/A



================================================================
== Utilization Estimates
================================================================
* Summary: 
+-----------------+---------+-------+--------+-------+
|       Name      | BRAM_18K| DSP48E|   FF   |  LUT  |
+-----------------+---------+-------+--------+-------+
|Expression       |        -|      -|       -|      -|
|FIFO             |        -|      -|       -|      -|
|Instance         |        -|      -|       -|      -|
|Memory           |        -|      -|       -|      -|
|Multiplexer      |        -|      -|       -|      -|
|Register         |        -|      -|       -|      -|
+-----------------+---------+-------+--------+-------+
|Total            |        0|      0|       0|      0|
+-----------------+---------+-------+--------+-------+
|Available        |      280|    220|  106400|  53200|
+-----------------+---------+-------+--------+-------+
|Utilization (%)  |        0|      0|       0|      0|
+-----------------+---------+-------+--------+-------+

+ Detail: 
    * Instance: 
    N/A

    * Memory: 
    N/A

    * FIFO: 
    N/A

    * Expression: 
    N/A

    * Multiplexer: 
    N/A

    * Register: 
    N/A



================================================================
== Interface
================================================================
* Summary: 
N/A

============================================================
+ Verbose Summary: Synthesis Manager
============================================================
InlineROM: 1
ExposeGlobal: 1
============================================================
+ Verbose Summary: CDFG Model
============================================================
IsTopModel: 1
ResetActiveHigh: 1
IsCombinational: 0
IsDatapathOnly: 0
HasWiredReturn: 1
HasMFsm: 0
HasVarLatency: 1
IsPipeline: 0
IsRtlPipelined: 0
IsInstanceOverlapped: 0
IsDontTouch: 0
HasImplIP: 0
IsGatedGlobalClock: 0


============================================================
+ Verbose Summary: Schedule
============================================================
* Number of FSM states: 3
* Pipeline: 0
* Dataflow Pipeline: 0

* FSM state transitions: 
1 --> 
	2  / true
2 --> 
	3  / true
3 --> 
* FSM state operations: 

 <State 1>: 3.58ns
ST_1: in_read [1/1] 1.86ns
:6  %in_read = call i32 @_ssdm_op_Read.ap_fifo.i32P(i32* %in_r) nounwind

ST_1: b [1/1] 0.00ns
:7  %b = trunc i32 %in_read to i8

ST_1: r [1/1] 0.00ns
:8  %r = call i8 @_ssdm_op_PartSelect.i8.i32.i32.i32(i32 %in_read, i32 16, i32 23)

ST_1: g [1/1] 0.00ns
:10  %g = call i8 @_ssdm_op_PartSelect.i8.i32.i32.i32(i32 %in_read, i32 8, i32 15)

ST_1: g_cast [1/1] 0.00ns
:11  %g_cast = zext i8 %g to i9

ST_1: b_cast [1/1] 0.00ns
:12  %b_cast = zext i8 %b to i9

ST_1: tmp1 [1/1] 1.72ns
:13  %tmp1 = add i9 %b_cast, %g_cast


 <State 2>: 6.38ns
ST_2: r_cast [1/1] 0.00ns
:9  %r_cast = zext i8 %r to i10

ST_2: tmp1_cast [1/1] 0.00ns
:14  %tmp1_cast = zext i9 %tmp1 to i10

ST_2: tmp_3 [1/1] 0.00ns
:15  %tmp_3 = add i10 %tmp1_cast, %r_cast

ST_2: zext_cast [1/1] 0.00ns
:16  %zext_cast = zext i10 %tmp_3 to i22

ST_2: mul [1/1] 6.38ns
:17  %mul = mul i22 %zext_cast, 1366

ST_2: y [1/1] 0.00ns
:18  %y = call i10 @_ssdm_op_PartSelect.i10.i22.i32.i32(i22 %mul, i32 12, i32 21)


 <State 3>: 1.86ns
ST_3: stg_17 [1/1] 0.00ns
:0  call void (...)* @_ssdm_op_SpecBitsMap(i32* %in_r) nounwind, !map !12

ST_3: stg_18 [1/1] 0.00ns
:1  call void (...)* @_ssdm_op_SpecBitsMap(i32* %out_r) nounwind, !map !16

ST_3: stg_19 [1/1] 0.00ns
:2  call void (...)* @_ssdm_op_SpecTopModule([17 x i8]* @str) nounwind

ST_3: stg_20 [1/1] 0.00ns
:3  call void (...)* @_ssdm_op_SpecInterface(i32* %in_r, [8 x i8]* @p_str, i32 0, i32 0, i32 0, i32 0, [1 x i8]* @p_str1, [1 x i8]* @p_str1, [1 x i8]* @p_str1) nounwind

ST_3: stg_21 [1/1] 0.00ns
:4  call void (...)* @_ssdm_op_SpecInterface(i32* %out_r, [8 x i8]* @p_str, i32 0, i32 0, i32 0, i32 0, [1 x i8]* @p_str1, [1 x i8]* @p_str1, [1 x i8]* @p_str1) nounwind

ST_3: stg_22 [1/1] 0.00ns
:5  call void (...)* @_ssdm_op_SpecInterface(i32 0, [13 x i8]* @p_str2, i32 0, i32 0, i32 0, i32 0, [1 x i8]* @p_str1, [1 x i8]* @p_str1, [1 x i8]* @p_str1) nounwind

ST_3: y_cast [1/1] 0.00ns
:19  %y_cast = zext i10 %y to i32

ST_3: stg_24 [1/1] 1.86ns
:20  call void @_ssdm_op_Write.ap_fifo.i32P(i32* %out_r, i32 %y_cast) nounwind

ST_3: stg_25 [1/1] 0.00ns
:21  ret void



============================================================
+ Verbose Summary: Binding
============================================================
N/A
* FSMD analyzer results:
  - Output states:
  - Chain level:
	State 1
	State 2
	State 3


============================================================
+ Verbose Summary: Datapath Resource usage 
============================================================
N/A
